../Core/Src/main.c:163:5:__io_putchar	16	static
../Core/Src/main.c:175:5:main	8	static
../Core/Src/main.c:242:6:SystemClock_Config	88	static
../Core/Src/main.c:296:13:MX_NVIC_Init	8	static
../Core/Src/main.c:317:6:HAL_GPIO_EXTI_Callback	24	static
../Core/Src/main.c:380:6:HAL_TIM_PeriodElapsedCallback	16	static
../Core/Src/main.c:389:6:ADC_button	8	static
../Core/Src/main.c:400:6:LCD_Cursor	16	static
../Core/Src/main.c:405:6:set_time	24	static
../Core/Src/main.c:421:6:blink	24	static
../Core/Src/main.c:437:10:value_limit	16	static
../Core/Src/main.c:449:6:clock	8	static
../Core/Src/main.c:459:6:Normal_mode	16	static
../Core/Src/main.c:468:6:Time_setting_mode	40	static
../Core/Src/main.c:537:6:Alarm_setting_mode	8	static
../Core/Src/main.c:604:6:Music_select_mode	4	static
../Core/Src/main.c:915:6:Error_Handler	4	static,ignoring_inline_asm
