../Core/Src/main.c:204:5:__io_putchar	16	static
../Core/Src/main.c:215:5:main	56	static
../Core/Src/main.c:287:6:SystemClock_Config	88	static
../Core/Src/main.c:338:13:MX_NVIC_Init	8	static
../Core/Src/main.c:354:6:HAL_GPIO_EXTI_Callback	24	static
../Core/Src/main.c:410:6:HAL_TIM_PeriodElapsedCallback	16	static
../Core/Src/main.c:425:6:ADC_button	8	static
../Core/Src/main.c:438:6:LCD_Cursor	16	static
../Core/Src/main.c:444:6:init_time	8	static
../Core/Src/main.c:455:6:set_time	16	static
../Core/Src/main.c:469:6:blink	32	static
../Core/Src/main.c:498:10:Up_Down_value_limit	16	static
../Core/Src/main.c:512:6:clock	24	static
../Core/Src/main.c:523:6:Normal_mode	24	static
../Core/Src/main.c:545:6:Time_or_Alarm_change_mode	24	static
../Core/Src/main.c:653:6:Music_select_mode	8	static
../Core/Src/main.c:667:6:Alarm	24	static
../Core/Src/main.c:697:6:Alarm_Spring_Water_paly	16	static
../Core/Src/main.c:716:6:Alarm_Three_Bears_play	4	static
../Core/Src/main.c:735:6:Error_Handler	4	static,ignoring_inline_asm
